{
  "version": "1.5.0",
  "plugins_used": [
    {
      "name": "ArtifactoryDetector"
    },
    {
      "name": "AWSKeyDetector"
    },
    {
      "name": "AzureStorageKeyDetector"
    },
    {
      "name": "Base64HighEntropyString",
      "limit": 4.5
    },
    {
      "name": "BasicAuthDetector"
    },
    {
      "name": "CloudantDetector"
    },
    {
      "name": "DiscordBotTokenDetector"
    },
    {
      "name": "GitHubTokenDetector"
    },
    {
      "name": "GitLabTokenDetector"
    },
    {
      "name": "HexHighEntropyString",
      "limit": 3.0
    },
    {
      "name": "IbmCloudIamDetector"
    },
    {
      "name": "IbmCosHmacDetector"
    },
    {
      "name": "IPPublicDetector"
    },
    {
      "name": "JwtTokenDetector"
    },
    {
      "name": "KeywordDetector",
      "keyword_exclude": ""
    },
    {
      "name": "MailchimpDetector"
    },
    {
      "name": "NpmDetector"
    },
    {
      "name": "OpenAIDetector"
    },
    {
      "name": "PrivateKeyDetector"
    },
    {
      "name": "PypiTokenDetector"
    },
    {
      "name": "SendGridDetector"
    },
    {
      "name": "SlackDetector"
    },
    {
      "name": "SoftlayerDetector"
    },
    {
      "name": "SquareOAuthDetector"
    },
    {
      "name": "StripeDetector"
    },
    {
      "name": "TelegramBotTokenDetector"
    },
    {
      "name": "TwilioKeyDetector"
    }
  ],
  "filters_used": [
    {
      "path": "detect_secrets.filters.allowlist.is_line_allowlisted"
    },
    {
      "path": "detect_secrets.filters.common.is_baseline_file",
      "filename": ".secrets.baseline"
    },
    {
      "path": "detect_secrets.filters.common.is_ignored_due_to_verification_policies",
      "min_level": 2
    },
    {
      "path": "detect_secrets.filters.heuristic.is_indirect_reference"
    },
    {
      "path": "detect_secrets.filters.heuristic.is_likely_id_string"
    },
    {
      "path": "detect_secrets.filters.heuristic.is_lock_file"
    },
    {
      "path": "detect_secrets.filters.heuristic.is_not_alphanumeric_string"
    },
    {
      "path": "detect_secrets.filters.heuristic.is_potential_uuid"
    },
    {
      "path": "detect_secrets.filters.heuristic.is_prefixed_with_dollar_sign"
    },
    {
      "path": "detect_secrets.filters.heuristic.is_sequential_string"
    },
    {
      "path": "detect_secrets.filters.heuristic.is_swagger_file"
    },
    {
      "path": "detect_secrets.filters.heuristic.is_templated_secret"
    }
  ],
  "results": {
    "notebooks/annotation-based-regions-of-interest.ipynb": [
      {
        "type": "Base64 High Entropy String",
        "filename": "notebooks/annotation-based-regions-of-interest.ipynb",
        "hashed_secret": "d016cf7a2fe8f8739521a7109ace3ba5fec6b548",
        "is_verified": false,
        "line_number": 82
      },
      {
        "type": "Base64 High Entropy String",
        "filename": "notebooks/annotation-based-regions-of-interest.ipynb",
        "hashed_secret": "79a9fe4e446695c776b273bdbdfb1222ec0848da",
        "is_verified": false,
        "line_number": 192
      },
      {
        "type": "Base64 High Entropy String",
        "filename": "notebooks/annotation-based-regions-of-interest.ipynb",
        "hashed_secret": "ebdae5543a51d5ce89f232060e970453bab3b585",
        "is_verified": false,
        "line_number": 348
      }
    ],
    "notebooks/annotations.ipynb": [
      {
        "type": "Base64 High Entropy String",
        "filename": "notebooks/annotations.ipynb",
        "hashed_secret": "c9e647702a265985b9a07012ef97996529387e14",
        "is_verified": false,
        "line_number": 119
      },
      {
        "type": "Base64 High Entropy String",
        "filename": "notebooks/annotations.ipynb",
        "hashed_secret": "3b2d2ccfd094ac06084e6066eecd1e24c50280f3",
        "is_verified": false,
        "line_number": 198
      },
      {
        "type": "AWS Access Key",
        "filename": "notebooks/annotations.ipynb",
        "hashed_secret": "132bae3f3298d2e8af8660b17d158f15dca3507d",
        "is_verified": false,
        "line_number": 274
      },
      {
        "type": "AWS Access Key",
        "filename": "notebooks/annotations.ipynb",
        "hashed_secret": "98a3998a85bdfa3541be0b6da6283169096ea3e0",
        "is_verified": false,
        "line_number": 274
      },
      {
        "type": "Base64 High Entropy String",
        "filename": "notebooks/annotations.ipynb",
        "hashed_secret": "a7267be90ffe677d6edcb87c2e344c7920cc004c",
        "is_verified": false,
        "line_number": 274
      }
    ],
    "notebooks/clustering.ipynb": [
      {
        "type": "Base64 High Entropy String",
        "filename": "notebooks/clustering.ipynb",
        "hashed_secret": "49f976c7a2c7db017c00f5d88e773a9ebb32b62e",
        "is_verified": false,
        "line_number": 322
      },
      {
        "type": "Base64 High Entropy String",
        "filename": "notebooks/clustering.ipynb",
        "hashed_secret": "b10851386a465e0d9dde71182de06a9e412231c7",
        "is_verified": false,
        "line_number": 339
      },
      {
        "type": "Base64 High Entropy String",
        "filename": "notebooks/clustering.ipynb",
        "hashed_secret": "0ad8725b618c21ad7ca39365dbf48dc55c9047b5",
        "is_verified": false,
        "line_number": 356
      },
      {
        "type": "Base64 High Entropy String",
        "filename": "notebooks/clustering.ipynb",
        "hashed_secret": "55c0a67d287bff2e3bdf1b5cc11ba0575e95113b",
        "is_verified": false,
        "line_number": 373
      },
      {
        "type": "Base64 High Entropy String",
        "filename": "notebooks/clustering.ipynb",
        "hashed_secret": "a028ae95fea4088ab5393922ff5665aec25c3da3",
        "is_verified": false,
        "line_number": 390
      },
      {
        "type": "Base64 High Entropy String",
        "filename": "notebooks/clustering.ipynb",
        "hashed_secret": "13091b706d96f1ec39a0c80be4201095533585da",
        "is_verified": false,
        "line_number": 407
      },
      {
        "type": "Base64 High Entropy String",
        "filename": "notebooks/clustering.ipynb",
        "hashed_secret": "f20e1b694632a7fc5066c34011ec92501fbb274c",
        "is_verified": false,
        "line_number": 424
      }
    ],
    "notebooks/mil-pdl1-h-optimus-1.ipynb": [
      {
        "type": "Base64 High Entropy String",
        "filename": "notebooks/mil-pdl1-h-optimus-1.ipynb",
        "hashed_secret": "4f274506555d98f1756c01170c92d64a252626be",
        "is_verified": false,
        "line_number": 632
      },
      {
        "type": "Base64 High Entropy String",
        "filename": "notebooks/mil-pdl1-h-optimus-1.ipynb",
        "hashed_secret": "678fdd5c8fb36e2751aa54158b68fee2a81ab64d",
        "is_verified": false,
        "line_number": 676
      },
      {
        "type": "Base64 High Entropy String",
        "filename": "notebooks/mil-pdl1-h-optimus-1.ipynb",
        "hashed_secret": "98b89b221c85aff3261191938e374d202a45314e",
        "is_verified": false,
        "line_number": 958
      },
      {
        "type": "Base64 High Entropy String",
        "filename": "notebooks/mil-pdl1-h-optimus-1.ipynb",
        "hashed_secret": "4785cbbaa2e07d97f1e19364b2d0b3511fdbfb6c",
        "is_verified": false,
        "line_number": 1277
      },
      {
        "type": "Base64 High Entropy String",
        "filename": "notebooks/mil-pdl1-h-optimus-1.ipynb",
        "hashed_secret": "4a8fdf61b1c4b046c832f61abc51a680574c0aa9",
        "is_verified": false,
        "line_number": 1395
      },
      {
        "type": "Hex High Entropy String",
        "filename": "notebooks/mil-pdl1-h-optimus-1.ipynb",
        "hashed_secret": "bf840b47ed9a19e999eaf4e94e0879f79b0b7d91",
        "is_verified": false,
        "line_number": 1556
      },
      {
        "type": "Hex High Entropy String",
        "filename": "notebooks/mil-pdl1-h-optimus-1.ipynb",
        "hashed_secret": "adfe3436fabc272214245e8374df545121f8a3b3",
        "is_verified": false,
        "line_number": 1571
      },
      {
        "type": "Hex High Entropy String",
        "filename": "notebooks/mil-pdl1-h-optimus-1.ipynb",
        "hashed_secret": "6cb9cd15ca2e37f092ffcf74637850080e4317d7",
        "is_verified": false,
        "line_number": 1623
      },
      {
        "type": "Hex High Entropy String",
        "filename": "notebooks/mil-pdl1-h-optimus-1.ipynb",
        "hashed_secret": "03351abdf70ee3fa72807bde90ea3843f5c31c60",
        "is_verified": false,
        "line_number": 1675
      },
      {
        "type": "Hex High Entropy String",
        "filename": "notebooks/mil-pdl1-h-optimus-1.ipynb",
        "hashed_secret": "b4666ba4f17c3af11111fc9fc322a9310340c0b0",
        "is_verified": false,
        "line_number": 1727
      },
      {
        "type": "Hex High Entropy String",
        "filename": "notebooks/mil-pdl1-h-optimus-1.ipynb",
        "hashed_secret": "8289e10a4812341a50f9bc60d03722cdb4f93fcc",
        "is_verified": false,
        "line_number": 1742
      },
      {
        "type": "Hex High Entropy String",
        "filename": "notebooks/mil-pdl1-h-optimus-1.ipynb",
        "hashed_secret": "1e613f9beb1e66afbc967fea27843bec355c05f6",
        "is_verified": false,
        "line_number": 1757
      },
      {
        "type": "Hex High Entropy String",
        "filename": "notebooks/mil-pdl1-h-optimus-1.ipynb",
        "hashed_secret": "13d1a667e622639f2b7c47d36fa76151a596122e",
        "is_verified": false,
        "line_number": 1773
      },
      {
        "type": "Hex High Entropy String",
        "filename": "notebooks/mil-pdl1-h-optimus-1.ipynb",
        "hashed_secret": "60fdbe4beb3c3cc257d757c41e00da8344ba4ed1",
        "is_verified": false,
        "line_number": 1825
      },
      {
        "type": "Hex High Entropy String",
        "filename": "notebooks/mil-pdl1-h-optimus-1.ipynb",
        "hashed_secret": "816566c541d67e600483791e9eee1b72d5a0e0f4",
        "is_verified": false,
        "line_number": 1846
      },
      {
        "type": "Hex High Entropy String",
        "filename": "notebooks/mil-pdl1-h-optimus-1.ipynb",
        "hashed_secret": "f5616f5e4abbd719228d0d73d518500ba0a48a4e",
        "is_verified": false,
        "line_number": 1898
      },
      {
        "type": "Hex High Entropy String",
        "filename": "notebooks/mil-pdl1-h-optimus-1.ipynb",
        "hashed_secret": "99c2b90d81fd531cb394046a26bd1e2a562dc511",
        "is_verified": false,
        "line_number": 1919
      },
      {
        "type": "Hex High Entropy String",
        "filename": "notebooks/mil-pdl1-h-optimus-1.ipynb",
        "hashed_secret": "592086892679dd8ea3495440d2a97dd57e3867b5",
        "is_verified": false,
        "line_number": 1934
      },
      {
        "type": "Hex High Entropy String",
        "filename": "notebooks/mil-pdl1-h-optimus-1.ipynb",
        "hashed_secret": "9a35c80c2598dffd028587776df7f19e2854e8bb",
        "is_verified": false,
        "line_number": 1958
      },
      {
        "type": "Hex High Entropy String",
        "filename": "notebooks/mil-pdl1-h-optimus-1.ipynb",
        "hashed_secret": "e0e4fd16ebbb40f59974da85ce34eaf4eb443ac6",
        "is_verified": false,
        "line_number": 1982
      },
      {
        "type": "Hex High Entropy String",
        "filename": "notebooks/mil-pdl1-h-optimus-1.ipynb",
        "hashed_secret": "5ef7b2f0ccdceb41f991cb3668684ceec84c19d4",
        "is_verified": false,
        "line_number": 2003
      },
      {
        "type": "Hex High Entropy String",
        "filename": "notebooks/mil-pdl1-h-optimus-1.ipynb",
        "hashed_secret": "32c9ac86f3d4dd19867d67a0723da3f314bf348a",
        "is_verified": false,
        "line_number": 2055
      },
      {
        "type": "Hex High Entropy String",
        "filename": "notebooks/mil-pdl1-h-optimus-1.ipynb",
        "hashed_secret": "276add1959a76e02a35cacf68577319befe502c7",
        "is_verified": false,
        "line_number": 2077
      },
      {
        "type": "Hex High Entropy String",
        "filename": "notebooks/mil-pdl1-h-optimus-1.ipynb",
        "hashed_secret": "bb99682afede30bd63e4b96ff35837dfef924781",
        "is_verified": false,
        "line_number": 2129
      },
      {
        "type": "Hex High Entropy String",
        "filename": "notebooks/mil-pdl1-h-optimus-1.ipynb",
        "hashed_secret": "e97dea878a2b376a596b6e1de1fe541bc165f893",
        "is_verified": false,
        "line_number": 2150
      },
      {
        "type": "Hex High Entropy String",
        "filename": "notebooks/mil-pdl1-h-optimus-1.ipynb",
        "hashed_secret": "c9cc044f934a3c832ee888d0cc5a43cbd1ce342b",
        "is_verified": false,
        "line_number": 2171
      },
      {
        "type": "Hex High Entropy String",
        "filename": "notebooks/mil-pdl1-h-optimus-1.ipynb",
        "hashed_secret": "861c7cea756d0cb2634925dbd65c101b91d3bf1f",
        "is_verified": false,
        "line_number": 2186
      },
      {
        "type": "Hex High Entropy String",
        "filename": "notebooks/mil-pdl1-h-optimus-1.ipynb",
        "hashed_secret": "8ffb95baf03face30c440533f40e68c6ced19800",
        "is_verified": false,
        "line_number": 2202
      },
      {
        "type": "Hex High Entropy String",
        "filename": "notebooks/mil-pdl1-h-optimus-1.ipynb",
        "hashed_secret": "c974e8d64a9ee53e8db0279eeea46a377edcc1b4",
        "is_verified": false,
        "line_number": 2217
      },
      {
        "type": "Hex High Entropy String",
        "filename": "notebooks/mil-pdl1-h-optimus-1.ipynb",
        "hashed_secret": "a7f315d6d74af19047d746ca0aa17d42fdacc8a6",
        "is_verified": false,
        "line_number": 2239
      },
      {
        "type": "Hex High Entropy String",
        "filename": "notebooks/mil-pdl1-h-optimus-1.ipynb",
        "hashed_secret": "1018ada6fb2c876074a39365e417186e1842c35a",
        "is_verified": false,
        "line_number": 2291
      },
      {
        "type": "Hex High Entropy String",
        "filename": "notebooks/mil-pdl1-h-optimus-1.ipynb",
        "hashed_secret": "651ebe2145bd75a5e7697ded66353dedcb05ce93",
        "is_verified": false,
        "line_number": 2343
      },
      {
        "type": "Hex High Entropy String",
        "filename": "notebooks/mil-pdl1-h-optimus-1.ipynb",
        "hashed_secret": "4937b7e09fdd82d5a73591b79cd6266223f7acca",
        "is_verified": false,
        "line_number": 2395
      },
      {
        "type": "Hex High Entropy String",
        "filename": "notebooks/mil-pdl1-h-optimus-1.ipynb",
        "hashed_secret": "383444352ab4f08bf291cc49c6007957125785b1",
        "is_verified": false,
        "line_number": 2447
      },
      {
        "type": "Hex High Entropy String",
        "filename": "notebooks/mil-pdl1-h-optimus-1.ipynb",
        "hashed_secret": "02f7fb12fd1b1eb8cbfbc14b3e20b737a96c49d9",
        "is_verified": false,
        "line_number": 2468
      },
      {
        "type": "Hex High Entropy String",
        "filename": "notebooks/mil-pdl1-h-optimus-1.ipynb",
        "hashed_secret": "a1142b0c6d49498c31ad9daadb9cd373f0f22e33",
        "is_verified": false,
        "line_number": 2490
      },
      {
        "type": "Hex High Entropy String",
        "filename": "notebooks/mil-pdl1-h-optimus-1.ipynb",
        "hashed_secret": "11ceb289f42f191361125cff744feba4c4dd8f9d",
        "is_verified": false,
        "line_number": 2542
      },
      {
        "type": "Hex High Entropy String",
        "filename": "notebooks/mil-pdl1-h-optimus-1.ipynb",
        "hashed_secret": "9a017188492fbf403385ecd8ac5171f6891de8fb",
        "is_verified": false,
        "line_number": 2558
      }
    ],
    "notebooks/regions-of-interest.ipynb": [
      {
        "type": "Base64 High Entropy String",
        "filename": "notebooks/regions-of-interest.ipynb",
        "hashed_secret": "e25377a02651542b28ca1a7011993a71b4e13663",
        "is_verified": false,
        "line_number": 194
      },
      {
        "type": "Base64 High Entropy String",
        "filename": "notebooks/regions-of-interest.ipynb",
        "hashed_secret": "e6eed89e9d6d79134d9aa5975692ca27589415f1",
        "is_verified": false,
        "line_number": 292
      }
    ],
    "notebooks/segmentation.ipynb": [
      {
        "type": "Base64 High Entropy String",
        "filename": "notebooks/segmentation.ipynb",
        "hashed_secret": "7958b7171158649115d01c2982bf7404e7583445",
        "is_verified": false,
        "line_number": 887
      },
      {
        "type": "Base64 High Entropy String",
        "filename": "notebooks/segmentation.ipynb",
        "hashed_secret": "0fa1ca2f531ae2471ebcc47789eb82e8cd89d33c",
        "is_verified": false,
        "line_number": 897
      },
      {
        "type": "Base64 High Entropy String",
        "filename": "notebooks/segmentation.ipynb",
        "hashed_secret": "5c20e6349165a2e9793f9a7d6887b265e3e5a42d",
        "is_verified": false,
        "line_number": 907
      },
      {
        "type": "Base64 High Entropy String",
        "filename": "notebooks/segmentation.ipynb",
        "hashed_secret": "70017c9261c7f4785fd7a46bb96eef9f2fe29956",
        "is_verified": false,
        "line_number": 917
      },
      {
        "type": "Base64 High Entropy String",
        "filename": "notebooks/segmentation.ipynb",
        "hashed_secret": "8b450ec467c5f027a60c9a6ea6606f044fe36a39",
        "is_verified": false,
        "line_number": 927
      },
      {
        "type": "Base64 High Entropy String",
        "filename": "notebooks/segmentation.ipynb",
        "hashed_secret": "5d68d810b2fe3a3002e49ef967c8afc89a00cdd8",
        "is_verified": false,
        "line_number": 937
      },
      {
        "type": "Base64 High Entropy String",
        "filename": "notebooks/segmentation.ipynb",
        "hashed_secret": "5bd18a1333e3bf961d365409a32ec7d019760de6",
        "is_verified": false,
        "line_number": 947
      },
      {
        "type": "Base64 High Entropy String",
        "filename": "notebooks/segmentation.ipynb",
        "hashed_secret": "5e49e3faf0ee5c2cd6ed6b68f955e5319ad98ba4",
        "is_verified": false,
        "line_number": 957
      }
    ],
    "notebooks/zero-shot-classification.ipynb": [
      {
        "type": "Base64 High Entropy String",
        "filename": "notebooks/zero-shot-classification.ipynb",
        "hashed_secret": "13499a8245392c01a3b6bc876540d0421a393ebd",
        "is_verified": false,
        "line_number": 712
      }
    ],
    "proscia_ai_tools/concentriq_embeddings_client/README.md": [
      {
        "type": "Secret Keyword",
        "filename": "proscia_ai_tools/concentriq_embeddings_client/README.md",
        "hashed_secret": "5f6087367c3abd5ea9bc0d1650277b9f68b9b233",
        "is_verified": false,
        "line_number": 26
      }
    ]
  },
  "generated_at": "2026-09-18T20:43:21Z"
}
